   Compiling rice_farmer v0.1.0 (C:\Users\AFK72294\Music\WorkspaceCursorProjects\projectfolder\PotatoFarmer\PotatoFarmer)
warning: unused import: `Read`
 --> src\game.rs:3:15
  |
3 | use std::io::{Read, Write};
  |               ^^^^
  |
  = note: `#[warn(unused_imports)]` (part of `#[warn(unused)]`) on by default

warning: variable does not need to be mutable
   --> src\game.rs:311:19
    |
311 |         if let Ok(mut file) = File::open(SAVE_FILE) {
    |                   ----^^^^
    |                   |
    |                   help: remove this `mut`
    |
    = note: `#[warn(unused_mut)]` (part of `#[warn(unused)]`) on by default

warning: unused variable: `file`
   --> src\game.rs:311:19
    |
311 |         if let Ok(mut file) = File::open(SAVE_FILE) {
    |                   ^^^^^^^^ help: if this is intentional, prefix it with an underscore: `_file`
    |
    = note: `#[warn(unused_variables)]` (part of `#[warn(unused)]`) on by default

warning: field `max_hp` is never read
 --> src\types\combat.rs:8:74
  |
8 | pub struct GunBoat{ pub position:Vec3, pub target_z:f32, pub hp:f32, pub max_hp:f32, pub disembarked:bool, pub d...
  |            ------- field in this struct                                  ^^^^^^
  |
  = note: `#[warn(dead_code)]` (part of `#[warn(unused)]`) on by default

warning: fields `turret_fire`, `jet_flyby`, `jet_shoot`, `iron_dome_intercept`, `boat_engine`, and `thief_giggle` are never read
  --> src\types\audio.rs:17:9
   |
15 | pub struct SoundEffects {
   |            ------------ fields in this struct
16 |     pub music:               Option<Sound>,
17 |     pub turret_fire:         Option<Sound>,
   |         ^^^^^^^^^^^
18 |     pub jet_flyby:           Option<Sound>,
   |         ^^^^^^^^^
19 |     pub jet_shoot:           Option<Sound>,
   |         ^^^^^^^^^
20 |     pub iron_dome_intercept: Option<Sound>,
   |         ^^^^^^^^^^^^^^^^^^^
21 |     pub boat_engine:         Option<Sound>,
   |         ^^^^^^^^^^^
22 |     pub thief_giggle:        Option<Sound>,
   |         ^^^^^^^^^^^^

warning: multiple associated items are never used
  --> src\types\audio.rs:62:12
   |
25 | impl SoundEffects {
   | ----------------- associated items in this implementation
...
62 |     pub fn play_once(sound: &Option<Sound>) {
   |            ^^^^^^^^^
...
80 |     pub fn play_turret_fire(&self)         { Self::play_once(&self.turret_fire); }
   |            ^^^^^^^^^^^^^^^^
81 |     pub fn play_jet_flyby(&self)           { Self::play(&self.jet_flyby, false, 1.0); }
   |            ^^^^^^^^^^^^^^
82 |     pub fn play_jet_shoot(&self)           { Self::play_once(&self.jet_shoot); }
   |            ^^^^^^^^^^^^^^
83 |     pub fn play_iron_dome_intercept(&self) { Self::play_once(&self.iron_dome_intercept); }
   |            ^^^^^^^^^^^^^^^^^^^^^^^^
84 |     pub fn play_boat_engine(&self)         { Self::play(&self.boat_engine, true, 0.6); }
   |            ^^^^^^^^^^^^^^^^
85 |     pub fn play_thief_giggle(&self)        { Self::play_once(&self.thief_giggle); }
   |            ^^^^^^^^^^^^^^^^^

warning: method `play_synth_sound` is never used
  --> src\game.rs:68:12
   |
67 | impl Game {
   | --------- method in this implementation
68 |     pub fn play_synth_sound(&self, sound_type: &str) {
   |            ^^^^^^^^^^^^^^^^

warning: `rice_farmer` (bin "rice_farmer") generated 7 warnings (run `cargo fix --bin "rice_farmer" -p rice_farmer` to apply 2 suggestions)
    Finished `dev` profile [optimized + debuginfo] target(s) in 12.32s
     Running `target\debug\rice_farmer.exe`
warn: macroquad's "audio" feature disabled.
PS C:\Users\AFK72294\Music\WorkspaceCursorProjects\projectfolder\PotatoFarmer\PotatoFarmer>